execute	Set up job	ï»¿2026-02-23T03:31:29.3820719Z Current runner version: '2.331.0'
execute	Set up job	2026-02-23T03:31:29.3858001Z ##[group]Runner Image Provisioner
execute	Set up job	2026-02-23T03:31:29.3859492Z Hosted Compute Agent
execute	Set up job	2026-02-23T03:31:29.3860539Z Version: 20260123.484
execute	Set up job	2026-02-23T03:31:29.3861620Z Commit: 6bd6555ca37d84114959e1c76d2c01448ff61c5d
execute	Set up job	2026-02-23T03:31:29.3862796Z Build Date: 2026-01-23T19:41:17Z
execute	Set up job	2026-02-23T03:31:29.3864066Z Worker ID: {e1ed0b1d-1d35-4e70-b760-98c6fd0d730a}
execute	Set up job	2026-02-23T03:31:29.3865294Z Azure Region: northcentralus
execute	Set up job	2026-02-23T03:31:29.3866251Z ##[endgroup]
execute	Set up job	2026-02-23T03:31:29.3868205Z ##[group]Operating System
execute	Set up job	2026-02-23T03:31:29.3869345Z Ubuntu
execute	Set up job	2026-02-23T03:31:29.3869834Z 24.04.3
execute	Set up job	2026-02-23T03:31:29.3870303Z LTS
execute	Set up job	2026-02-23T03:31:29.3870812Z ##[endgroup]
execute	Set up job	2026-02-23T03:31:29.3871274Z ##[group]Runner Image
execute	Set up job	2026-02-23T03:31:29.3871853Z Image: ubuntu-24.04
execute	Set up job	2026-02-23T03:31:29.3872336Z Version: 20260201.15.1
execute	Set up job	2026-02-23T03:31:29.3873336Z Included Software: https://github.com/actions/runner-images/blob/ubuntu24/20260201.15/images/ubuntu/Ubuntu2404-Readme.md
execute	Set up job	2026-02-23T03:31:29.3875083Z Image Release: https://github.com/actions/runner-images/releases/tag/ubuntu24%2F20260201.15
execute	Set up job	2026-02-23T03:31:29.3875983Z ##[endgroup]
execute	Set up job	2026-02-23T03:31:29.3878849Z ##[group]GITHUB_TOKEN Permissions
execute	Set up job	2026-02-23T03:31:29.3881191Z Actions: write
execute	Set up job	2026-02-23T03:31:29.3881729Z ArtifactMetadata: write
execute	Set up job	2026-02-23T03:31:29.3882376Z Attestations: write
execute	Set up job	2026-02-23T03:31:29.3882856Z Checks: write
execute	Set up job	2026-02-23T03:31:29.3883313Z Contents: write
execute	Set up job	2026-02-23T03:31:29.3883871Z Deployments: write
execute	Set up job	2026-02-23T03:31:29.3884381Z Discussions: write
execute	Set up job	2026-02-23T03:31:29.3884866Z Issues: write
execute	Set up job	2026-02-23T03:31:29.3885377Z Metadata: read
execute	Set up job	2026-02-23T03:31:29.3885863Z Models: read
execute	Set up job	2026-02-23T03:31:29.3886312Z Packages: write
execute	Set up job	2026-02-23T03:31:29.3886852Z Pages: write
execute	Set up job	2026-02-23T03:31:29.3887439Z PullRequests: write
execute	Set up job	2026-02-23T03:31:29.3887979Z RepositoryProjects: write
execute	Set up job	2026-02-23T03:31:29.3888599Z SecurityEvents: write
execute	Set up job	2026-02-23T03:31:29.3889388Z Statuses: write
execute	Set up job	2026-02-23T03:31:29.3889893Z ##[endgroup]
execute	Set up job	2026-02-23T03:31:29.3892058Z Secret source: Actions
execute	Set up job	2026-02-23T03:31:29.3893152Z Prepare workflow directory
execute	Set up job	2026-02-23T03:31:29.4312695Z Prepare all required actions
execute	Set up job	2026-02-23T03:31:29.4368093Z Getting action download info
execute	Set up job	2026-02-23T03:31:29.8165382Z Download action repository 'actions/checkout@v4' (SHA:34e114876b0b11c390a56381ad16ebd13914f8d5)
execute	Set up job	2026-02-23T03:31:29.9291793Z Download action repository 'asabon/android-build-log-analyzer@v0.0.5' (SHA:126fd816055525f0a96c4ca90123a17ddd974083)
execute	Set up job	2026-02-23T03:31:30.4084840Z Download action repository 'actions/upload-artifact@v4' (SHA:ea165f8d65b6e75b540449e92b4886f43607fa02)
execute	Set up job	2026-02-23T03:31:30.5305039Z Download action repository 'ruby/setup-ruby@v1' (SHA:09a7688d3b55cf0e976497ff046b70949eeaccfd)
execute	Set up job	2026-02-23T03:31:30.9362628Z Download action repository 'actions/cache@v4' (SHA:0057852bfaa89a56745cba8c7296529d2fc39830)
execute	Set up job	2026-02-23T03:31:31.0372567Z Download action repository 'MeilCli/danger-action@v6' (SHA:1483db389d8b2b7c972ec47e90050de8f6b69d88)
execute	Set up job	2026-02-23T03:31:31.5301183Z Complete job name: execute
execute	Checkout repository	ï»¿2026-02-23T03:31:31.6048828Z ##[group]Run actions/checkout@v4
execute	Checkout repository	2026-02-23T03:31:31.6049842Z with:
execute	Checkout repository	2026-02-23T03:31:31.6050208Z   fetch-depth: 0
execute	Checkout repository	2026-02-23T03:31:31.6050637Z   repository: asabon/AndroidAppTemplate
execute	Checkout repository	2026-02-23T03:31:31.6051392Z   token: ***
execute	Checkout repository	2026-02-23T03:31:31.6051775Z   ssh-strict: true
execute	Checkout repository	2026-02-23T03:31:31.6052158Z   ssh-user: git
execute	Checkout repository	2026-02-23T03:31:31.6052578Z   persist-credentials: true
execute	Checkout repository	2026-02-23T03:31:31.6053025Z   clean: true
execute	Checkout repository	2026-02-23T03:31:31.6053405Z   sparse-checkout-cone-mode: true
execute	Checkout repository	2026-02-23T03:31:31.6053923Z   fetch-tags: false
execute	Checkout repository	2026-02-23T03:31:31.6054339Z   show-progress: true
execute	Checkout repository	2026-02-23T03:31:31.6054984Z   lfs: false
execute	Checkout repository	2026-02-23T03:31:31.6055311Z   submodules: false
execute	Checkout repository	2026-02-23T03:31:31.6055773Z   set-safe-directory: true
execute	Checkout repository	2026-02-23T03:31:31.6056728Z ##[endgroup]
execute	Checkout repository	2026-02-23T03:31:31.7162063Z Syncing repository: asabon/AndroidAppTemplate
execute	Checkout repository	2026-02-23T03:31:31.7164259Z ##[group]Getting Git version info
execute	Checkout repository	2026-02-23T03:31:31.7165064Z Working directory is '/home/runner/work/AndroidAppTemplate/AndroidAppTemplate'
execute	Checkout repository	2026-02-23T03:31:31.7167092Z [command]/usr/bin/git version
execute	Checkout repository	2026-02-23T03:31:31.7238078Z git version 2.52.0
execute	Checkout repository	2026-02-23T03:31:31.7266573Z ##[endgroup]
execute	Checkout repository	2026-02-23T03:31:31.7284919Z Temporarily overriding HOME='/home/runner/work/_temp/3f58c75f-04e8-40a5-8423-f22a83c1ecc2' before making global git config changes
execute	Checkout repository	2026-02-23T03:31:31.7286849Z Adding repository directory to the temporary git global config as a safe directory
execute	Checkout repository	2026-02-23T03:31:31.7292242Z [command]/usr/bin/git config --global --add safe.directory /home/runner/work/AndroidAppTemplate/AndroidAppTemplate
execute	Checkout repository	2026-02-23T03:31:31.7335843Z Deleting the contents of '/home/runner/work/AndroidAppTemplate/AndroidAppTemplate'
execute	Checkout repository	2026-02-23T03:31:31.7339952Z ##[group]Initializing the repository
execute	Checkout repository	2026-02-23T03:31:31.7344924Z [command]/usr/bin/git init /home/runner/work/AndroidAppTemplate/AndroidAppTemplate
execute	Checkout repository	2026-02-23T03:31:31.7450856Z hint: Using 'master' as the name for the initial branch. This default branch name
execute	Checkout repository	2026-02-23T03:31:31.7452386Z hint: will change to "main" in Git 3.0. To configure the initial branch name
execute	Checkout repository	2026-02-23T03:31:31.7453445Z hint: to use in all of your new repositories, which will suppress this warning,
execute	Checkout repository	2026-02-23T03:31:31.7454384Z hint: call:
execute	Checkout repository	2026-02-23T03:31:31.7455069Z hint:
execute	Checkout repository	2026-02-23T03:31:31.7455816Z hint: 	git config --global init.defaultBranch <name>
execute	Checkout repository	2026-02-23T03:31:31.7456890Z hint:
execute	Checkout repository	2026-02-23T03:31:31.7457782Z hint: Names commonly chosen instead of 'master' are 'main', 'trunk' and
execute	Checkout repository	2026-02-23T03:31:31.7459272Z hint: 'development'. The just-created branch can be renamed via this command:
execute	Checkout repository	2026-02-23T03:31:31.7460493Z hint:
execute	Checkout repository	2026-02-23T03:31:31.7461140Z hint: 	git branch -m <name>
execute	Checkout repository	2026-02-23T03:31:31.7461831Z hint:
execute	Checkout repository	2026-02-23T03:31:31.7462730Z hint: Disable this message with "git config set advice.defaultBranchName false"
execute	Checkout repository	2026-02-23T03:31:31.7464264Z Initialized empty Git repository in /home/runner/work/AndroidAppTemplate/AndroidAppTemplate/.git/
execute	Checkout repository	2026-02-23T03:31:31.7469501Z [command]/usr/bin/git remote add origin https://github.com/asabon/AndroidAppTemplate
execute	Checkout repository	2026-02-23T03:31:31.7506227Z ##[endgroup]
execute	Checkout repository	2026-02-23T03:31:31.7507482Z ##[group]Disabling automatic garbage collection
execute	Checkout repository	2026-02-23T03:31:31.7511695Z [command]/usr/bin/git config --local gc.auto 0
execute	Checkout repository	2026-02-23T03:31:31.7540913Z ##[endgroup]
execute	Checkout repository	2026-02-23T03:31:31.7541520Z ##[group]Setting up auth
execute	Checkout repository	2026-02-23T03:31:31.7548079Z [command]/usr/bin/git config --local --name-only --get-regexp core\.sshCommand
execute	Checkout repository	2026-02-23T03:31:31.7579896Z [command]/usr/bin/git submodule foreach --recursive sh -c "git config --local --name-only --get-regexp 'core\.sshCommand' && git config --local --unset-all 'core.sshCommand' || :"
execute	Checkout repository	2026-02-23T03:31:31.7911742Z [command]/usr/bin/git config --local --name-only --get-regexp http\.https\:\/\/github\.com\/\.extraheader
execute	Checkout repository	2026-02-23T03:31:31.7943495Z [command]/usr/bin/git submodule foreach --recursive sh -c "git config --local --name-only --get-regexp 'http\.https\:\/\/github\.com\/\.extraheader' && git config --local --unset-all 'http.https://github.com/.extraheader' || :"
execute	Checkout repository	2026-02-23T03:31:31.8185777Z [command]/usr/bin/git config --local --name-only --get-regexp ^includeIf\.gitdir:
execute	Checkout repository	2026-02-23T03:31:31.8218257Z [command]/usr/bin/git submodule foreach --recursive git config --local --show-origin --name-only --get-regexp remote.origin.url
execute	Checkout repository	2026-02-23T03:31:31.8449318Z [command]/usr/bin/git config --local http.https://github.com/.extraheader AUTHORIZATION: basic ***
execute	Checkout repository	2026-02-23T03:31:31.8486261Z ##[endgroup]
execute	Checkout repository	2026-02-23T03:31:31.8487132Z ##[group]Fetching the repository
execute	Checkout repository	2026-02-23T03:31:31.8495833Z [command]/usr/bin/git -c protocol.version=2 fetch --prune --no-recurse-submodules origin +refs/heads/*:refs/remotes/origin/* +refs/tags/*:refs/tags/* +050180e8f6491c31c60beeb6849fb5c1098aa16f:refs/remotes/pull/99/merge
execute	Checkout repository	2026-02-23T03:31:32.2077714Z From https://github.com/asabon/AndroidAppTemplate
execute	Checkout repository	2026-02-23T03:31:32.2081529Z  * [new branch]      98-update-project-template               -> origin/98-update-project-template
execute	Checkout repository	2026-02-23T03:31:32.2148929Z  * [new branch]      main                                     -> origin/main
execute	Checkout repository	2026-02-23T03:31:32.2150583Z  * [new tag]         v0.1.0                                   -> v0.1.0
execute	Checkout repository	2026-02-23T03:31:32.2151348Z  * [new ref]         050180e8f6491c31c60beeb6849fb5c1098aa16f -> pull/99/merge
execute	Checkout repository	2026-02-23T03:31:32.2154161Z ##[endgroup]
execute	Checkout repository	2026-02-23T03:31:32.2154917Z ##[group]Determining the checkout info
execute	Checkout repository	2026-02-23T03:31:32.2155597Z ##[endgroup]
execute	Checkout repository	2026-02-23T03:31:32.2156074Z [command]/usr/bin/git sparse-checkout disable
execute	Checkout repository	2026-02-23T03:31:32.2175350Z [command]/usr/bin/git config --local --unset-all extensions.worktreeConfig
execute	Checkout repository	2026-02-23T03:31:32.2202879Z ##[group]Checking out the ref
execute	Checkout repository	2026-02-23T03:31:32.2207490Z [command]/usr/bin/git checkout --progress --force refs/remotes/pull/99/merge
execute	Checkout repository	2026-02-23T03:31:32.2305052Z Note: switching to 'refs/remotes/pull/99/merge'.
execute	Checkout repository	2026-02-23T03:31:32.2305632Z 
execute	Checkout repository	2026-02-23T03:31:32.2306066Z You are in 'detached HEAD' state. You can look around, make experimental
execute	Checkout repository	2026-02-23T03:31:32.2307010Z changes and commit them, and you can discard any commits you make in this
execute	Checkout repository	2026-02-23T03:31:32.2307971Z state without impacting any branches by switching back to a branch.
execute	Checkout repository	2026-02-23T03:31:32.2308508Z 
execute	Checkout repository	2026-02-23T03:31:32.2309176Z If you want to create a new branch to retain commits you create, you may
execute	Checkout repository	2026-02-23T03:31:32.2309878Z do so (now or later) by using -c with the switch command. Example:
execute	Checkout repository	2026-02-23T03:31:32.2310177Z 
execute	Checkout repository	2026-02-23T03:31:32.2310298Z   git switch -c <new-branch-name>
execute	Checkout repository	2026-02-23T03:31:32.2310503Z 
execute	Checkout repository	2026-02-23T03:31:32.2310640Z Or undo this operation with:
execute	Checkout repository	2026-02-23T03:31:32.2310924Z 
execute	Checkout repository	2026-02-23T03:31:32.2311031Z   git switch -
execute	Checkout repository	2026-02-23T03:31:32.2311173Z 
execute	Checkout repository	2026-02-23T03:31:32.2311414Z Turn off this advice by setting config variable advice.detachedHead to false
execute	Checkout repository	2026-02-23T03:31:32.2311763Z 
execute	Checkout repository	2026-02-23T03:31:32.2312114Z HEAD is now at 050180e Merge 2f73774f02a1af67e16151dade29d5b22c0c53b8 into 1339bbc961b302355870112b00d2ae9732bbaa6f
execute	Checkout repository	2026-02-23T03:31:32.2315340Z ##[endgroup]
execute	Checkout repository	2026-02-23T03:31:32.2353504Z [command]/usr/bin/git log -1 --format=%H
execute	Checkout repository	2026-02-23T03:31:32.2376196Z 050180e8f6491c31c60beeb6849fb5c1098aa16f
execute	Setup Android	ï»¿2026-02-23T03:31:32.2613610Z Prepare all required actions
execute	Setup Android	2026-02-23T03:31:32.2614174Z Getting action download info
execute	Setup Android	2026-02-23T03:31:32.3769920Z Download action repository 'actions/setup-java@v4' (SHA:c1e323688fd81a25caa38c78aa6df2d33d3e20d9)
execute	Setup Android	2026-02-23T03:31:32.9204094Z ##[group]Run ./.github/actions/setup-android
execute	Setup Android	2026-02-23T03:31:32.9204492Z with:
execute	Setup Android	2026-02-23T03:31:32.9204714Z   java-version: 21
execute	Setup Android	2026-02-23T03:31:32.9204962Z   java-distribution: temurin
execute	Setup Android	2026-02-23T03:31:32.9205222Z ##[endgroup]
execute	Setup Android	2026-02-23T03:31:32.9363086Z ##[group]Run actions/setup-java@v4
execute	Setup Android	2026-02-23T03:31:32.9363451Z with:
execute	Setup Android	2026-02-23T03:31:32.9363674Z   distribution: temurin
execute	Setup Android	2026-02-23T03:31:32.9363916Z   java-version: 21
execute	Setup Android	2026-02-23T03:31:32.9364164Z   cache: gradle
execute	Setup Android	2026-02-23T03:31:32.9364386Z   java-package: jdk
execute	Setup Android	2026-02-23T03:31:32.9364629Z   check-latest: false
execute	Setup Android	2026-02-23T03:31:32.9364862Z   server-id: github
execute	Setup Android	2026-02-23T03:31:32.9365114Z   server-username: GITHUB_ACTOR
execute	Setup Android	2026-02-23T03:31:32.9365396Z   server-password: GITHUB_TOKEN
execute	Setup Android	2026-02-23T03:31:32.9365685Z   overwrite-settings: true
execute	Setup Android	2026-02-23T03:31:32.9365995Z   job-status: success
execute	Setup Android	2026-02-23T03:31:32.9366359Z   token: ***
execute	Setup Android	2026-02-23T03:31:32.9366579Z ##[endgroup]
execute	Setup Android	2026-02-23T03:31:33.1538900Z ##[group]Installed distributions
execute	Setup Android	2026-02-23T03:31:33.1605357Z Resolved Java 21.0.10+7 from tool-cache
execute	Setup Android	2026-02-23T03:31:33.1607817Z Setting Java 21.0.10+7 as the default
execute	Setup Android	2026-02-23T03:31:33.1620822Z Creating toolchains.xml for JDK version 21 from temurin
execute	Setup Android	2026-02-23T03:31:33.1705146Z Writing to /home/runner/.m2/toolchains.xml
execute	Setup Android	2026-02-23T03:31:33.1705761Z 
execute	Setup Android	2026-02-23T03:31:33.1708529Z Java configuration:
execute	Setup Android	2026-02-23T03:31:33.1709283Z   Distribution: temurin
execute	Setup Android	2026-02-23T03:31:33.1709737Z   Version: 21.0.10+7
execute	Setup Android	2026-02-23T03:31:33.1710348Z   Path: /opt/hostedtoolcache/Java_Temurin-Hotspot_jdk/21.0.10-7/x64
execute	Setup Android	2026-02-23T03:31:33.1712517Z 
execute	Setup Android	2026-02-23T03:31:33.1713225Z ##[endgroup]
execute	Setup Android	2026-02-23T03:31:33.1728467Z Creating settings.xml with server-id: github
execute	Setup Android	2026-02-23T03:31:33.1729909Z Writing to /home/runner/.m2/settings.xml
execute	Setup Android	2026-02-23T03:31:33.3647855Z gradle cache is not found
execute	Setup Android	2026-02-23T03:31:33.3802172Z ##[group]Run chmod +x gradlew
execute	Setup Android	2026-02-23T03:31:33.3802644Z [36;1mchmod +x gradlew[0m
execute	Setup Android	2026-02-23T03:31:33.3844064Z shell: /usr/bin/bash --noprofile --norc -e -o pipefail {0}
execute	Setup Android	2026-02-23T03:31:33.3844487Z env:
execute	Setup Android	2026-02-23T03:31:33.3844832Z   JAVA_HOME: /opt/hostedtoolcache/Java_Temurin-Hotspot_jdk/21.0.10-7/x64
execute	Setup Android	2026-02-23T03:31:33.3845457Z   JAVA_HOME_21_X64: /opt/hostedtoolcache/Java_Temurin-Hotspot_jdk/21.0.10-7/x64
execute	Setup Android	2026-02-23T03:31:33.3845885Z ##[endgroup]
execute	Build with Gradle	ï»¿2026-02-23T03:31:33.3980660Z ##[group]Run ./gradlew assembleRelease --warning-mode all > build.log
execute	Build with Gradle	2026-02-23T03:31:33.3981266Z [36;1m./gradlew assembleRelease --warning-mode all > build.log[0m
execute	Build with Gradle	2026-02-23T03:31:33.4013386Z shell: /usr/bin/bash -e {0}
execute	Build with Gradle	2026-02-23T03:31:33.4013691Z env:
execute	Build with Gradle	2026-02-23T03:31:33.4014054Z   JAVA_HOME: /opt/hostedtoolcache/Java_Temurin-Hotspot_jdk/21.0.10-7/x64
execute	Build with Gradle	2026-02-23T03:31:33.4014635Z   JAVA_HOME_21_X64: /opt/hostedtoolcache/Java_Temurin-Hotspot_jdk/21.0.10-7/x64
execute	Build with Gradle	2026-02-23T03:31:33.4015059Z ##[endgroup]
execute	Analyze Build Log	ï»¿2026-02-23T03:34:46.3546557Z ##[group]Run asabon/android-build-log-analyzer@v0.0.5
execute	Analyze Build Log	2026-02-23T03:34:46.3546943Z with:
execute	Analyze Build Log	2026-02-23T03:34:46.3547134Z   log-file-path: build.log
execute	Analyze Build Log	2026-02-23T03:34:46.3547383Z   report-path: build-report.md
execute	Analyze Build Log	2026-02-23T03:34:46.3547611Z env:
execute	Analyze Build Log	2026-02-23T03:34:46.3547893Z   JAVA_HOME: /opt/hostedtoolcache/Java_Temurin-Hotspot_jdk/21.0.10-7/x64
execute	Analyze Build Log	2026-02-23T03:34:46.3548363Z   JAVA_HOME_21_X64: /opt/hostedtoolcache/Java_Temurin-Hotspot_jdk/21.0.10-7/x64
execute	Analyze Build Log	2026-02-23T03:34:46.3549036Z ##[endgroup]
execute	Analyze Build Log	2026-02-23T03:34:46.4259674Z Analyzing log file at: build.log
execute	Analyze Build Log	2026-02-23T03:34:46.4294094Z ##[error]- Error and warning improvements
execute	Analyze Build Log	2026-02-23T03:34:46.4302712Z Report saved to: build-report.md
execute	Analyze Build Log	2026-02-23T03:34:46.4303575Z ##[error]Found 1 errors in the build log.
execute	Upload build.log as artifact	ï»¿2026-02-23T03:34:46.4464403Z ##[group]Run actions/upload-artifact@v4
execute	Upload build.log as artifact	2026-02-23T03:34:46.4464730Z with:
execute	Upload build.log as artifact	2026-02-23T03:34:46.4464907Z   name: build-log
execute	Upload build.log as artifact	2026-02-23T03:34:46.4465126Z   path: build.log
execute	Upload build.log as artifact	2026-02-23T03:34:46.4465315Z   if-no-files-found: warn
execute	Upload build.log as artifact	2026-02-23T03:34:46.4465532Z   compression-level: 6
execute	Upload build.log as artifact	2026-02-23T03:34:46.4465727Z   overwrite: false
execute	Upload build.log as artifact	2026-02-23T03:34:46.4465919Z   include-hidden-files: false
execute	Upload build.log as artifact	2026-02-23T03:34:46.4466126Z env:
execute	Upload build.log as artifact	2026-02-23T03:34:46.4466413Z   JAVA_HOME: /opt/hostedtoolcache/Java_Temurin-Hotspot_jdk/21.0.10-7/x64
execute	Upload build.log as artifact	2026-02-23T03:34:46.4466905Z   JAVA_HOME_21_X64: /opt/hostedtoolcache/Java_Temurin-Hotspot_jdk/21.0.10-7/x64
execute	Upload build.log as artifact	2026-02-23T03:34:46.4467267Z ##[endgroup]
execute	Upload build.log as artifact	2026-02-23T03:34:46.6694600Z With the provided path, there will be 1 file uploaded
execute	Upload build.log as artifact	2026-02-23T03:34:46.6699003Z Artifact name is valid!
execute	Upload build.log as artifact	2026-02-23T03:34:46.6700259Z Root directory input is valid!
execute	Upload build.log as artifact	2026-02-23T03:34:46.7966198Z Beginning upload of artifact content to blob storage
execute	Upload build.log as artifact	2026-02-23T03:34:46.9260502Z Uploaded bytes 980
execute	Upload build.log as artifact	2026-02-23T03:34:46.9601636Z Finished uploading artifact content to blob storage!
execute	Upload build.log as artifact	2026-02-23T03:34:46.9604718Z SHA256 digest of uploaded artifact zip is a848e6f1d13d45fcd42d83dade692f92c1ba18b5d497666d16f440f3aefedf31
execute	Upload build.log as artifact	2026-02-23T03:34:46.9606861Z Finalizing artifact upload
execute	Upload build.log as artifact	2026-02-23T03:34:47.0419743Z Artifact build-log.zip successfully finalized. Artifact ID 5611323419
execute	Upload build.log as artifact	2026-02-23T03:34:47.0420837Z Artifact build-log has been successfully uploaded! Final size is 980 bytes. Artifact ID is 5611323419
execute	Upload build.log as artifact	2026-02-23T03:34:47.0427733Z Artifact download URL: https://github.com/asabon/AndroidAppTemplate/actions/runs/22291919209/artifacts/5611323419
execute	Post Setup Android	ï»¿2026-02-23T03:34:47.0567965Z Post job cleanup.
execute	Post Setup Android	2026-02-23T03:34:47.0620592Z Post job cleanup.
execute	Post Checkout repository	ï»¿2026-02-23T03:34:47.2420557Z Post job cleanup.
execute	Post Checkout repository	2026-02-23T03:34:47.3377768Z [command]/usr/bin/git version
execute	Post Checkout repository	2026-02-23T03:34:47.3423562Z git version 2.52.0
execute	Post Checkout repository	2026-02-23T03:34:47.3467024Z Temporarily overriding HOME='/home/runner/work/_temp/16c22bf5-fbe1-4869-8ac9-d95acbf54e51' before making global git config changes
execute	Post Checkout repository	2026-02-23T03:34:47.3468277Z Adding repository directory to the temporary git global config as a safe directory
execute	Post Checkout repository	2026-02-23T03:34:47.3472834Z [command]/usr/bin/git config --global --add safe.directory /home/runner/work/AndroidAppTemplate/AndroidAppTemplate
execute	Post Checkout repository	2026-02-23T03:34:47.3507555Z [command]/usr/bin/git config --local --name-only --get-regexp core\.sshCommand
execute	Post Checkout repository	2026-02-23T03:34:47.3540739Z [command]/usr/bin/git submodule foreach --recursive sh -c "git config --local --name-only --get-regexp 'core\.sshCommand' && git config --local --unset-all 'core.sshCommand' || :"
execute	Post Checkout repository	2026-02-23T03:34:47.3775390Z [command]/usr/bin/git config --local --name-only --get-regexp http\.https\:\/\/github\.com\/\.extraheader
execute	Post Checkout repository	2026-02-23T03:34:47.3796239Z http.https://github.com/.extraheader
execute	Post Checkout repository	2026-02-23T03:34:47.3809466Z [command]/usr/bin/git config --local --unset-all http.https://github.com/.extraheader
execute	Post Checkout repository	2026-02-23T03:34:47.3842259Z [command]/usr/bin/git submodule foreach --recursive sh -c "git config --local --name-only --get-regexp 'http\.https\:\/\/github\.com\/\.extraheader' && git config --local --unset-all 'http.https://github.com/.extraheader' || :"
execute	Post Checkout repository	2026-02-23T03:34:47.4093590Z [command]/usr/bin/git config --local --name-only --get-regexp ^includeIf\.gitdir:
execute	Post Checkout repository	2026-02-23T03:34:47.4130370Z [command]/usr/bin/git submodule foreach --recursive git config --local --show-origin --name-only --get-regexp remote.origin.url
execute	Complete job	ï»¿2026-02-23T03:34:47.4502125Z Cleaning up orphan processes
execute	Complete job	2026-02-23T03:34:47.4823114Z Terminate orphan process: pid (2355) (java)
execute	Complete job	2026-02-23T03:34:47.4851733Z Terminate orphan process: pid (2533) (java)
